// Vitest Snapshot v1

exports[`DxfWriter > should cover all code source 1`] = `
"0
SECTION
2
HEADER
9
$ACADVER
1
AC1021
9
$LASTSAVEDBY
1
@tarikjabiri/dxf
9
$HANDSEED
5
3E
9
$INSUNITS
70
0
9
$CLAYER
8
not-exist-exist
9
$DIMTXT
40
10
9
$VIEWCTR
10
672.945209627366
20
599.9999999999999
0
ENDSEC
0
SECTION
2
CLASSES
0
ENDSEC
0
SECTION
2
TABLES
0
TABLE
2
VPORT
5
1
330
0
100
AcDbSymbolTable
70
1
0
VPORT
5
19
330
1
100
AcDbSymbolTableRecord
100
AcDbViewportTableRecord
2
*Active
70
0
10
0
20
0
11
1
21
1
12
672.945209627366
22
599.9999999999999
13
0
23
0
14
10
24
10
15
10
25
10
16
0
26
0
36
1
17
0
27
0
37
0
40
1491.780838509464
41
2
42
50
43
0
44
0
50
0
51
0
71
0
72
100
73
1
74
3
75
0
76
1
77
0
78
0
281
0
65
1
110
0
120
0
130
0
111
1
121
0
131
0
112
0
122
1
132
0
79
0
146
0
348
10020
60
7
61
5
292
1
282
1
141
0
142
0
63
250
421
3358443
0
ENDTAB
0
TABLE
2
LTYPE
5
2
330
0
100
AcDbSymbolTable
70
4
0
LTYPE
5
12
330
2
100
AcDbSymbolTableRecord
100
AcDbLinetypeTableRecord
2
ByBlock
70
0
3

72
65
73
0
40
0
0
LTYPE
5
13
330
2
100
AcDbSymbolTableRecord
100
AcDbLinetypeTableRecord
2
ByLayer
70
0
3

72
65
73
0
40
0
0
LTYPE
5
14
330
2
100
AcDbSymbolTableRecord
100
AcDbLinetypeTableRecord
2
Continuous
70
0
3
Solid line
72
65
73
0
40
0
0
LTYPE
5
1D
330
2
100
AcDbSymbolTableRecord
100
AcDbLinetypeTableRecord
2
AXES
70
0
3
____ _ 
72
65
73
4
40
7
49
4
74
0
49
-1
74
0
49
1
74
0
49
-1
74
0
0
ENDTAB
0
TABLE
2
LAYER
5
3
330
0
100
AcDbSymbolTable
70
3
0
LAYER
5
15
330
3
100
AcDbSymbolTableRecord
100
AcDbLayerTableRecord
2
0
70
0
62
7
6
Continuous
370
0
390
0
0
LAYER
5
36
330
3
100
AcDbSymbolTableRecord
100
AcDbLayerTableRecord
2
test
70
0
62
5
6
Continuous
370
0
390
0
0
LAYER
5
37
330
3
100
AcDbSymbolTableRecord
100
AcDbLayerTableRecord
2
ggg
70
0
62
0
6
Continuous
370
0
390
0
0
ENDTAB
0
TABLE
2
STYLE
5
4
330
0
100
AcDbSymbolTable
70
1
0
STYLE
5
16
330
4
100
AcDbSymbolTableRecord
100
AcDbTextStyleTableRecord
2
Standard
70
0
40
0
41
1
50
0
71
0
42
1
3
txt
4

0
ENDTAB
0
TABLE
2
VIEW
5
5
330
0
100
AcDbSymbolTable
70
1
0
VIEW
5
34
330
5
100
AcDbSymbolTableRecord
100
AcDbViewTableRecord
2
testview
70
0
40
17.91
10
40.36
20
15.86
41
20.01
11
0
21
0
31
1
12
0
22
0
32
0
42
50
43
0
44
0
50
0
71
0
281
0
72
0
0
ENDTAB
0
TABLE
2
UCS
5
6
330
0
100
AcDbSymbolTable
70
0
0
ENDTAB
0
TABLE
2
APPID
5
7
330
0
100
AcDbSymbolTable
70
1
0
APPID
5
17
330
7
100
AcDbSymbolTableRecord
100
AcDbRegAppTableRecord
2
ACAD
70
0
0
ENDTAB
0
TABLE
2
DIMSTYLE
5
8
330
0
100
AcDbSymbolTable
70
2
100
AcDbDimStyleTable
0
DIMSTYLE
105
18
330
8
100
AcDbSymbolTableRecord
100
AcDbDimStyleTableRecord
2
Standard
70
0
340
16
0
DIMSTYLE
105
38
330
8
100
AcDbSymbolTableRecord
100
AcDbDimStyleTableRecord
2
test
70
0
0
ENDTAB
0
TABLE
2
BLOCK_RECORD
5
9
330
0
100
AcDbSymbolTable
70
3
0
BLOCK_RECORD
5
C
330
9
100
AcDbSymbolTableRecord
100
AcDbBlockTableRecord
2
*Model_Space
70
0
280
1
281
0
0
BLOCK_RECORD
5
F
330
9
100
AcDbSymbolTableRecord
100
AcDbBlockTableRecord
2
*Paper_Space
70
0
280
1
281
0
0
BLOCK_RECORD
5
20
330
9
100
AcDbSymbolTableRecord
100
AcDbBlockTableRecord
2
circle
70
0
280
1
281
0
0
ENDTAB
0
ENDSEC
0
SECTION
2
BLOCKS
0
BLOCK
5
D
330
C
100
AcDbEntity
8
not-exist-exist
100
AcDbBlockBegin
2
*Model_Space
70
0
10
0
20
0
30
0
3
*Model_Space
1

0
ENDBLK
5
E
100
AcDbEntity
8
0
100
AcDbBlockEnd
0
BLOCK
5
10
330
F
100
AcDbEntity
8
0
100
AcDbBlockBegin
2
*Paper_Space
70
0
10
0
20
0
30
0
3
*Paper_Space
1

0
ENDBLK
5
11
100
AcDbEntity
8
0
100
AcDbBlockEnd
0
BLOCK
5
21
330
20
100
AcDbEntity
8
0
100
AcDbBlockBegin
2
circle
70
0
10
0
20
0
30
0
3
circle
1

0
CIRCLE
5
23
330
21
100
AcDbEntity
8
0
100
AcDbCircle
10
0
20
0
30
0
40
50
0
LWPOLYLINE
5
24
330
21
100
AcDbEntity
8
0
100
AcDbPolyline
90
4
70
1
43
0
38
0
39
0
10
-35.3553
20
35.3553
10
35.3553
20
35.3553
10
35.3553
20
-35.3553
10
-35.3553
20
-35.3553
0
ENDBLK
5
22
100
AcDbEntity
8
0
100
AcDbBlockEnd
0
ENDSEC
0
SECTION
2
ENTITIES
0
POINT
5
1A
330
D
100
AcDbEntity
8
0
100
AcDbPoint
10
0
20
0
30
0
0
LWPOLYLINE
5
1B
330
D
100
AcDbEntity
8
0
100
AcDbPolyline
90
4
70
1
38
0
39
0
10
0
20
0
40
5
41
2
10
100
20
100
10
100
20
200
10
0
20
300
0
LINE
5
1C
330
D
100
AcDbEntity
8
0
100
AcDbLine
10
0
20
0
30
0
11
100
21
100
31
0
0
LWPOLYLINE
5
1E
330
D
100
AcDbEntity
8
0
6
AXES
48
10
60
0
100
AcDbPolyline
90
4
70
1
43
10
38
30
39
0
10
400
20
400
10
600
20
400
10
600
20
200
10
400
20
200
0
LWPOLYLINE
5
1F
330
D
100
AcDbEntity
8
0
60
1
100
AcDbPolyline
90
8
70
1
43
0
38
0
39
0
10
400
20
350
42
-0.414213562373095
10
450
20
400
10
550
20
400
42
-0.414213562373095
10
600
20
350
10
600
20
250
42
-0.414213562373095
10
550
20
200
10
450
20
200
42
-0.414213562373095
10
400
20
250
0
INSERT
5
25
330
D
100
AcDbEntity
8
0
100
AcDbBlockReference
2
circle
10
0
20
0
30
0
41
1
42
1
43
1
50
0
70
1
71
1
44
0
45
0
0
SPLINE
5
26
330
D
100
AcDbEntity
8
0
100
AcDbSpline
70
8
71
3
72
8
73
4
74
4
42
0.0000001
43
0.0000001
42
0.0000000001
40
0
40
0
40
0
40
0
40
1
40
1
40
1
40
1
41
1
10
0
20
0
30
0
10
10
20
10
30
0
10
20
20
10
30
0
10
30
20
20
30
0
11
0
21
0
31
0
11
10
21
10
31
0
11
20
21
10
31
0
11
30
21
20
31
0
0
ARC
5
27
330
D
100
AcDbEntity
8
0
100
AcDbCircle
10
0
20
0
30
0
40
10
100
AcDbArc
50
0
51
45
0
ELLIPSE
5
28
330
D
100
AcDbEntity
8
0
100
AcDbEllipse
10
100
20
100
30
0
11
50
21
0
31
0
40
0.5
41
0
42
6.283185307179586
0
3DFACE
5
29
330
D
100
AcDbEntity
8
0
100
AcDbFace
10
0
20
0
30
50
11
0
21
100
31
50
12
100
22
100
32
50
13
100
23
0
33
50
70
15
0
CIRCLE
5
2A
330
D
100
AcDbEntity
8
0
100
AcDbCircle
10
0
20
0
30
0
40
50
0
POLYLINE
5
2B
330
D
100
AcDbEntity
8
0
100
AcDb3dPolyline
66
1
10
0
20
0
30
0
39
0
70
0
40
0
41
0
71
0
72
0
73
0
74
0
75
0
0
VERTEX
5
2D
100
AcDbEntity
8
0
100
AcDbVertex
100
AcDb3dPolylineVertex
10
0
20
0
30
0
70
32
0
VERTEX
5
2E
100
AcDbEntity
8
0
100
AcDbVertex
100
AcDb3dPolylineVertex
10
50
20
40
30
0
70
32
0
VERTEX
5
2F
100
AcDbEntity
8
0
100
AcDbVertex
100
AcDb3dPolylineVertex
10
70
20
63
30
2
70
32
0
SEQEND
5
2C
100
AcDbEntity
8
0
0
IMAGE
5
31
330
D
100
AcDbEntity
8
0
100
AcDbRasterImage
90
0
10
700
20
600
30
0
11
0.24192831263950734
21
-0.00109784339408965
31
0
12
0.00109784339408965
22
0.24192831263950734
32
0
13
1792
23
1280
340
30
70
3
280
1
281
50
282
50
283
0
360
32
71
1
91
2
14
-0.5
24
-0.5
14
1791.5
24
1279.5
290
1
0
TEXT
5
35
330
D
100
AcDbEntity
8
0
100
AcDbText
10
0
20
0
30
0
40
5
1
test
7
STANDARD
100
AcDbText
0
DIMENSION
5
39
330
D
100
AcDbEntity
8
0
100
AcDbDimension
70
1
71
5
100
AcDbAlignedDimension
13
0
23
0
33
0
14
50
24
50
34
0
0
DIMENSION
5
3A
330
D
100
AcDbEntity
8
0
100
AcDbDimension
10
50
20
50
30
0
70
3
71
5
100
AcDbDiametricDimension
15
0
25
0
35
0
0
DIMENSION
5
3B
330
D
100
AcDbEntity
8
0
100
AcDbDimension
10
50
20
50
30
0
70
4
71
5
100
AcDbRadialDimension
15
0
25
0
35
0
0
DIMENSION
5
3C
330
D
100
AcDbEntity
8
0
100
AcDbDimension
70
0
71
5
100
AcDbAlignedDimension
13
0
23
0
33
0
14
50
24
50
34
0
50
0
100
AcDbRotatedDimension
0
DIMENSION
5
3D
330
D
100
AcDbEntity
8
0
100
AcDbDimension
10
50
20
50
30
0
70
2
71
5
100
AcDb2LineAngularDimension
13
0
23
0
33
0
14
50
24
50
34
0
15
0
25
0
35
0
16
50
26
50
36
0
0
ENDSEC
0
SECTION
2
OBJECTS
0
DICTIONARY
5
A
330
0
100
AcDbDictionary
281
1
3
ACAD_GROUP
350
B
3
ACAD_IMAGE_DICT
350
33
0
DICTIONARY
5
B
330
A
100
AcDbDictionary
281
0
0
IMAGEDEF
5
30
330
33
102
{ACAD_REACTORS
330
33
330
32
102
}
100
AcDbRasterImageDef
1
.\\\\test - image.png
10
1792
20
1280
11
1
21
1
280
1
281
0
0
IMAGEDEF_REACTOR
5
32
330
0
100
AcDbRasterImageDefReactor
90
2
330
31
0
DICTIONARY
5
33
330
A
100
AcDbDictionary
281
0
3
test - image
350
30
0
ENDSEC
0
EOF"
`;
