0
LINE
5
4
330
1
100
AcDbEntity
67
0
8
ByLayer
6
ByLayer
347
ByLayer
62
256
370
-3
60
0
100
AcDbLine
39
0
10
0
20
0
30
0
11
100
21
100
31
0
210
0
220
0
230
1