// Vitest Snapshot v1, https://vitest.dev/guide/snapshot.html

exports[`XDocument class > should create dxf document 1`] = `
"0
SECTION
2
HEADER
9
$ACADVER
1
AC1021
9
$HANDSEED
5
1A
0
ENDSEC
0
SECTION
2
CLASSES
0
ENDSEC
0
SECTION
2
TABLES
0
TABLE
2
APPID
5
1
330
0
100
AcDbSymbolTable
70
1
0
APPID
5
A
330
1
100
AcDbSymbolTableRecord
100
AcDbRegAppTableRecord
2
ACAD
70
0
0
ENDTAB
0
TABLE
2
BLOCK_RECORD
5
2
330
0
100
AcDbSymbolTable
70
2
0
BLOCK_RECORD
5
12
330
2
100
AcDbSymbolTableRecord
100
AcDbBlockTableRecord
2
*Model_Space
70
0
280
1
281
0
1001
ACAD
1002
{
1002
}
0
BLOCK_RECORD
5
15
330
2
100
AcDbSymbolTableRecord
100
AcDbBlockTableRecord
2
*Paper_Space
70
0
280
1
281
0
1001
ACAD
1002
{
1002
}
0
ENDTAB
0
TABLE
2
DIMSTYLE
5
3
330
0
100
AcDbSymbolTable
70
1
100
AcDbDimStyleTable
0
DIMSTYLE
105
B
330
3
100
AcDbSymbolTableRecord
100
AcDbDimStyleTableRecord
2
Standard
70
0
340
10
0
ENDTAB
0
TABLE
2
LTYPE
5
5
330
0
100
AcDbSymbolTable
70
3
0
LTYPE
5
D
330
5
100
AcDbSymbolTableRecord
100
AcDbLinetypeTableRecord
2
ByLayer
70
0
3

72
65
73
0
40
0
0
LTYPE
5
E
330
5
100
AcDbSymbolTableRecord
100
AcDbLinetypeTableRecord
2
ByBlock
70
0
3

72
65
73
0
40
0
0
LTYPE
5
F
330
5
100
AcDbSymbolTableRecord
100
AcDbLinetypeTableRecord
2
Continuous
70
0
3
Solid line
72
65
73
0
40
0
0
ENDTAB
0
TABLE
2
STYLE
5
6
330
0
100
AcDbSymbolTable
70
1
0
STYLE
5
10
330
6
100
AcDbSymbolTableRecord
100
AcDbTextStyleTableRecord
2
Standard
70
0
40
0
41
1
50
0
71
0
42
1
3
txt
4

1001
ACAD
1002
{
1071
34
1002
}
0
ENDTAB
0
TABLE
2
LAYER
5
4
330
0
100
AcDbSymbolTable
70
1
0
LAYER
5
C
330
4
100
AcDbSymbolTableRecord
100
AcDbLayerTableRecord
2
0
70
0
62
7
6
Continuous
390
0
0
ENDTAB
0
TABLE
2
VIEW
5
7
330
0
100
AcDbSymbolTable
70
0
0
ENDTAB
0
TABLE
2
UCS
5
8
330
0
100
AcDbSymbolTable
70
0
0
ENDTAB
0
TABLE
2
VPORT
5
9
330
0
100
AcDbSymbolTable
70
1
0
VPORT
5
11
330
9
100
AcDbSymbolTableRecord
100
AcDbViewportTableRecord
2
*Active
70
0
10
-100
20
-100
11
100
21
100
12
0
22
0
40
200
41
1
0
ENDTAB
0
ENDSEC
0
SECTION
2
BLOCKS
0
BLOCK
5
13
330
12
100
AcDbEntity
8
0
100
AcDbBlockBegin
2
*Model_Space
70
0
10
0
20
0
30
0
3
*Model_Space
1

0
ENDBLK
5
14
330
12
100
AcDbEntity
8
0
100
AcDbBlockEnd
0
BLOCK
5
16
330
15
100
AcDbEntity
8
0
100
AcDbBlockBegin
2
*Paper_Space
70
0
10
0
20
0
30
0
3
*Paper_Space
1

0
ENDBLK
5
17
330
15
100
AcDbEntity
8
0
100
AcDbBlockEnd
0
ENDSEC
0
SECTION
2
ENTITIES
0
ENDSEC
0
SECTION
2
OBJECTS
0
DICTIONARY
5
18
330
0
100
AcDbDictionary
281
1
3
ACAD_GROUP
350
19
0
DICTIONARY
5
19
330
18
100
AcDbDictionary
281
0
0
ENDSEC
0
EOF"
`;
