// Vitest Snapshot v1, https://vitest.dev/guide/snapshot.html

exports[`ArcDimension class > should create a line entity 1`] = `
"0
ARC_DIMENSION
5
1
330
0
100
AcDbEntity
67
0
8
0
370
-3
60
0
100
AcDbDimension
70
0
71
5
210
0
220
0
230
1
100
AcDbArcDimension
13
10
23
0
33
0
14
0
24
10
34
0
15
0
25
0
35
0
40
0
41
0
70
0
71
0"
`;
