// Vitest Snapshot v1, https://vitest.dev/guide/snapshot.html

exports[`Entity class > should have the default values 1`] = `
"0
LINE
5
1
330
0
100
AcDbEntity
67
0
8
ByLayer
6
ByLayer
347
ByLayer
62
256
370
-3
60
0
92
4
310
test
1001
XDATA_TEST
1002
{
1003
0
1002
}"
`;
