// Vitest Snapshot v1, https://vitest.dev/guide/snapshot.html

exports[`Face class > should cover the face entity 1`] = `
"0
3DFACE
5
1
330
0
100
AcDbEntity
8
0
100
AcDbFace
10
0
20
0
30
0
11
10
21
0
31
0
12
10
22
10
32
0
13
0
23
10
33
0
70
0
0
3DFACE
5
2
330
0
100
AcDbEntity
8
0
100
AcDbFace
10
0
20
0
30
10
11
10
21
0
31
10
12
10
22
10
32
10
13
10
23
10
33
10
70
0
0
3DFACE
5
3
330
0
100
AcDbEntity
8
0
100
AcDbFace
10
0
20
0
30
5
11
10
21
0
31
5
12
10
22
10
32
5
13
0
23
10
33
5
70
4"
`;
