// Vitest Snapshot v1, https://vitest.dev/guide/snapshot.html

exports[`Polyline class > should cover the polyline entity 1`] = `
"0
POLYLINE
5
1
330
0
100
AcDbEntity
67
0
8
0
370
-3
60
0
100
AcDbPolyFaceMesh
10
0
20
0
30
0
70
64
71
8
72
6
210
0
220
0
230
1
0
VERTEX
5
3
330
0
100
AcDbEntity
67
0
8
0
370
-3
60
0
100
AcDbVertex
100
AcDbPolyFaceMeshVertex
10
0
20
0
30
0
42
0
70
192
0
VERTEX
5
4
330
0
100
AcDbEntity
67
0
8
0
370
-3
60
0
100
AcDbVertex
100
AcDbPolyFaceMeshVertex
10
1
20
0
30
0
42
0
70
192
0
VERTEX
5
5
330
0
100
AcDbEntity
67
0
8
0
370
-3
60
0
100
AcDbVertex
100
AcDbPolyFaceMeshVertex
10
1
20
1
30
0
42
0
70
192
0
VERTEX
5
6
330
0
100
AcDbEntity
67
0
8
0
370
-3
60
0
100
AcDbVertex
100
AcDbPolyFaceMeshVertex
10
0
20
1
30
0
42
0
70
192
0
VERTEX
5
7
330
0
100
AcDbEntity
67
0
8
0
370
-3
60
0
100
AcDbVertex
100
AcDbPolyFaceMeshVertex
10
0
20
0
30
1
42
0
70
192
0
VERTEX
5
8
330
0
100
AcDbEntity
67
0
8
0
370
-3
60
0
100
AcDbVertex
100
AcDbPolyFaceMeshVertex
10
1
20
0
30
1
42
0
70
192
0
VERTEX
5
9
330
0
100
AcDbEntity
67
0
8
0
370
-3
60
0
100
AcDbVertex
100
AcDbPolyFaceMeshVertex
10
1
20
1
30
1
42
0
70
192
0
VERTEX
5
A
330
0
100
AcDbEntity
67
0
8
0
370
-3
60
0
100
AcDbVertex
100
AcDbPolyFaceMeshVertex
10
0
20
1
30
1
42
0
70
192
0
VERTEX
5
B
330
0
100
AcDbEntity
67
0
8
0
370
-3
60
0
100
AcDbFaceRecord
10
0
20
0
30
0
42
0
70
128
71
1
72
4
73
3
74
2
0
VERTEX
5
C
330
0
100
AcDbEntity
67
0
8
0
370
-3
60
0
100
AcDbFaceRecord
10
0
20
0
30
0
42
0
70
128
71
2
72
3
73
7
74
6
0
VERTEX
5
D
330
0
100
AcDbEntity
67
0
8
0
370
-3
60
0
100
AcDbFaceRecord
10
0
20
0
30
0
42
0
70
128
71
4
72
8
73
7
74
3
0
VERTEX
5
E
330
0
100
AcDbEntity
67
0
8
0
370
-3
60
0
100
AcDbFaceRecord
10
0
20
0
30
0
42
0
70
128
71
1
72
5
73
8
74
4
0
VERTEX
5
F
330
0
100
AcDbEntity
67
0
8
0
370
-3
60
0
100
AcDbFaceRecord
10
0
20
0
30
0
42
0
70
128
71
1
72
2
73
6
74
5
0
VERTEX
5
10
330
0
100
AcDbEntity
67
0
8
0
370
-3
60
0
100
AcDbFaceRecord
10
0
20
0
30
0
42
0
70
128
71
5
72
6
73
7
74
8
0
SEQEND
5
2
330
0
100
AcDbEntity
67
0
8
0
370
-3
60
0
0
POLYLINE
5
11
330
0
100
AcDbEntity
67
0
8
0
370
-3
60
0
100
AcDb2dPolyline
10
0
20
0
30
0
70
0
71
4
72
0
210
0
220
0
230
1
0
VERTEX
5
13
330
0
100
AcDbEntity
67
0
8
0
370
-3
60
0
100
AcDbVertex
100
AcDb2dVertex
10
0
20
0
30
0
42
0
70
0
0
VERTEX
5
14
330
0
100
AcDbEntity
67
0
8
0
370
-3
60
0
100
AcDbVertex
100
AcDb2dVertex
10
2
20
0
30
0
42
0
70
0
0
VERTEX
5
15
330
0
100
AcDbEntity
67
0
8
0
370
-3
60
0
100
AcDbVertex
100
AcDb2dVertex
10
2
20
2
30
0
42
0
70
0
0
VERTEX
5
16
330
0
100
AcDbEntity
67
0
8
0
370
-3
60
0
100
AcDbVertex
100
AcDb2dVertex
10
0
20
2
30
0
42
0
70
0
0
SEQEND
5
12
330
0
100
AcDbEntity
67
0
8
0
370
-3
60
0
0
POLYLINE
5
17
330
0
100
AcDbEntity
67
0
8
0
370
-3
60
0
100
AcDb3dPolyline
10
0
20
0
30
0
70
8
71
4
72
0
210
0
220
0
230
1
0
VERTEX
5
19
330
0
100
AcDbEntity
67
0
8
0
370
-3
60
0
100
AcDbVertex
100
AcDb3dPolylineVertex
10
0
20
0
30
1
42
0
70
32
0
VERTEX
5
1A
330
0
100
AcDbEntity
67
0
8
0
370
-3
60
0
100
AcDbVertex
100
AcDb3dPolylineVertex
10
2
20
0
30
1
42
0
70
32
0
VERTEX
5
1B
330
0
100
AcDbEntity
67
0
8
0
370
-3
60
0
100
AcDbVertex
100
AcDb3dPolylineVertex
10
2
20
2
30
1
42
0
70
32
0
VERTEX
5
1C
330
0
100
AcDbEntity
67
0
8
0
370
-3
60
0
100
AcDbVertex
100
AcDb3dPolylineVertex
10
0
20
2
30
1
42
0
70
32
0
SEQEND
5
18
330
0
100
AcDbEntity
67
0
8
0
370
-3
60
0"
`;
